<html>
<body>
<pre>
<h1>µVision Build Log</h1>
<h2>Project:</h2>
D:\Projects\KeilProjects\metro-train-control\Blinky.uvproj
Project File Date:  12/08/2020

<h2>Output:</h2>
Build target 'STM32F103 Simulator'
compiling Blinky.c...
compiling RTX_Tasks.c...
linking...
Program Size: Code=13212 RO-data=308 RW-data=900 ZI-data=4012  
".\Obj\Blinky.axf" - 0 Error(s), 0 Warning(s).
Build target 'STM32F103 Simulator'
compiling Blinky.c...
linking...
Program Size: Code=13212 RO-data=308 RW-data=900 ZI-data=4012  
".\Obj\Blinky.axf" - 0 Error(s), 0 Warning(s).
Build target 'STM32F103 Simulator'
linking...
Program Size: Code=13212 RO-data=308 RW-data=900 ZI-data=4012  
".\Obj\Blinky.axf" - 0 Error(s), 0 Warning(s).
Build target 'STM32F103 Simulator'
compiling Blinky.c...
linking...
Program Size: Code=13212 RO-data=308 RW-data=900 ZI-data=4012  
".\Obj\Blinky.axf" - 0 Error(s), 0 Warning(s).
Build target 'STM32F103 Simulator'
compiling Blinky.c...
Blinky.c(157): warning:  #223-D: function "USART1_NVIC_config" declared implicitly
compiling Serial.c...
linking...
Program Size: Code=13212 RO-data=308 RW-data=900 ZI-data=4012  
".\Obj\Blinky.axf" - 0 Error(s), 1 Warning(s).
Build target 'STM32F103 Simulator'
compiling stm32f10x_it.c...
compiling Blinky.c...
linking...
Program Size: Code=13212 RO-data=308 RW-data=900 ZI-data=4012  
".\Obj\Blinky.axf" - 0 Error(s), 0 Warning(s).
Build target 'STM32F103 Simulator'
linking...
Program Size: Code=13212 RO-data=308 RW-data=900 ZI-data=4012  
".\Obj\Blinky.axf" - 0 Error(s), 0 Warning(s).
Build target 'STM32F103 Simulator'
compiling RTX_Tasks.c...
linking...
Program Size: Code=13212 RO-data=308 RW-data=900 ZI-data=4012  
".\Obj\Blinky.axf" - 0 Error(s), 0 Warning(s).
Build target 'STM32F103 Simulator'
compiling RTX_Tasks.c...
linking...
Program Size: Code=13212 RO-data=308 RW-data=900 ZI-data=4012  
".\Obj\Blinky.axf" - 0 Error(s), 0 Warning(s).
Rebuild target 'STM32F103 Simulator'
assembling startup_stm32f10x_md.s...
compiling system_stm32f10x.c...
compiling Retarget.c...
compiling stm32f10x_it.c...
compiling Blinky.c...
compiling stm32f10x_usart.c...
compiling stm32f10x_exti.c...
compiling stm32f10x_gpio.c...
compiling stm32f10x_rcc.c...
compiling stm32f10x_tim.c...
compiling misc.c...
compiling Controller.c...
compiling RTX_Config.c...
compiling RTX_Tasks.c...
compiling Serial.c...
compiling Simulator.c...
linking...
Program Size: Code=13212 RO-data=308 RW-data=900 ZI-data=4012  
".\Obj\Blinky.axf" - 0 Error(s), 0 Warning(s).
Build target 'STM32F103 Simulator'
compiling Blinky.c...
linking...
Program Size: Code=13212 RO-data=308 RW-data=900 ZI-data=4012  
".\Obj\Blinky.axf" - 0 Error(s), 0 Warning(s).
