<html>
<body>
<pre>
<h1>µVision Build Log</h1>
<h2>Project:</h2>
D:\Projects\KeilProjects\metro-train-control\Blinky.uvproj
Project File Date:  11/30/2020

<h2>Output:</h2>
Rebuild target 'STM32F103 Simulator'
assembling startup_stm32f10x_md.s...
compiling system_stm32f10x.c...
compiling Retarget.c...
compiling stm32f10x_it.c...
compiling Blinky.c...
compiling stm32f10x_exti.c...
compiling stm32f10x_gpio.c...
compiling stm32f10x_rcc.c...
compiling stm32f10x_tim.c...
compiling misc.c...
compiling swt.c...
compiling Controller.c...
compiling RTX_Config.c...
compiling RTX_Tasks.c...
linking...
Program Size: Code=10756 RO-data=308 RW-data=152 ZI-data=4008  
".\Obj\Blinky.axf" - 0 Error(s), 0 Warning(s).
Rebuild target 'STM32F103 Simulator'
assembling startup_stm32f10x_md.s...
compiling system_stm32f10x.c...
compiling Retarget.c...
compiling stm32f10x_it.c...
compiling Blinky.c...
compiling stm32f10x_exti.c...
compiling stm32f10x_gpio.c...
compiling stm32f10x_rcc.c...
compiling stm32f10x_tim.c...
compiling misc.c...
compiling swt.c...
compiling Controller.c...
compiling RTX_Config.c...
compiling RTX_Tasks.c...
linking...
Program Size: Code=10764 RO-data=308 RW-data=152 ZI-data=4008  
".\Obj\Blinky.axf" - 0 Error(s), 0 Warning(s).
Rebuild target 'STM32F103 Simulator'
assembling startup_stm32f10x_md.s...
compiling system_stm32f10x.c...
compiling Retarget.c...
compiling stm32f10x_it.c...
compiling Blinky.c...
compiling stm32f10x_exti.c...
compiling stm32f10x_gpio.c...
compiling stm32f10x_rcc.c...
compiling stm32f10x_tim.c...
compiling misc.c...
compiling swt.c...
compiling Controller.c...
compiling RTX_Config.c...
compiling RTX_Tasks.c...
linking...
Program Size: Code=10764 RO-data=308 RW-data=152 ZI-data=4008  
".\Obj\Blinky.axf" - 0 Error(s), 0 Warning(s).
Rebuild target 'STM32F103 Simulator'
assembling startup_stm32f10x_md.s...
compiling system_stm32f10x.c...
compiling Retarget.c...
compiling stm32f10x_it.c...
compiling Blinky.c...
compiling stm32f10x_exti.c...
compiling stm32f10x_gpio.c...
compiling stm32f10x_rcc.c...
compiling stm32f10x_tim.c...
compiling misc.c...
compiling swt.c...
compiling Controller.c...
compiling RTX_Config.c...
compiling RTX_Tasks.c...
linking...
Program Size: Code=10764 RO-data=308 RW-data=152 ZI-data=4008  
".\Obj\Blinky.axf" - 0 Error(s), 0 Warning(s).
Rebuild target 'STM32F103 Simulator'
assembling startup_stm32f10x_md.s...
compiling system_stm32f10x.c...
compiling Retarget.c...
compiling stm32f10x_it.c...
compiling Blinky.c...
compiling stm32f10x_exti.c...
compiling stm32f10x_gpio.c...
compiling stm32f10x_rcc.c...
compiling stm32f10x_tim.c...
compiling misc.c...
compiling swt.c...
compiling Controller.c...
compiling RTX_Config.c...
compiling RTX_Tasks.c...
linking...
Program Size: Code=10752 RO-data=308 RW-data=152 ZI-data=4008  
".\Obj\Blinky.axf" - 0 Error(s), 0 Warning(s).
Rebuild target 'STM32F103 Simulator'
assembling startup_stm32f10x_md.s...
compiling system_stm32f10x.c...
compiling Retarget.c...
compiling stm32f10x_it.c...
compiling Blinky.c...
compiling stm32f10x_exti.c...
compiling stm32f10x_gpio.c...
compiling stm32f10x_rcc.c...
compiling stm32f10x_tim.c...
compiling misc.c...
compiling swt.c...
compiling Controller.c...
compiling RTX_Config.c...
compiling RTX_Tasks.c...
linking...
Program Size: Code=10924 RO-data=308 RW-data=152 ZI-data=4008  
".\Obj\Blinky.axf" - 0 Error(s), 0 Warning(s).
Rebuild target 'STM32F103 Simulator'
assembling startup_stm32f10x_md.s...
compiling system_stm32f10x.c...
compiling Retarget.c...
compiling stm32f10x_it.c...
compiling Blinky.c...
compiling stm32f10x_exti.c...
compiling stm32f10x_gpio.c...
compiling stm32f10x_rcc.c...
compiling stm32f10x_tim.c...
compiling misc.c...
compiling swt.c...
compiling Controller.c...
compiling RTX_Config.c...
compiling RTX_Tasks.c...
linking...
Program Size: Code=10768 RO-data=308 RW-data=152 ZI-data=4008  
".\Obj\Blinky.axf" - 0 Error(s), 0 Warning(s).
Rebuild target 'STM32F103 Simulator'
assembling startup_stm32f10x_md.s...
compiling system_stm32f10x.c...
compiling Retarget.c...
compiling stm32f10x_it.c...
compiling Blinky.c...
compiling stm32f10x_exti.c...
compiling stm32f10x_gpio.c...
compiling stm32f10x_rcc.c...
compiling stm32f10x_tim.c...
compiling misc.c...
compiling swt.c...
compiling Controller.c...
compiling RTX_Config.c...
compiling RTX_Tasks.c...
linking...
Program Size: Code=10752 RO-data=308 RW-data=152 ZI-data=4008  
".\Obj\Blinky.axf" - 0 Error(s), 0 Warning(s).
Rebuild target 'STM32F103 Simulator'
assembling startup_stm32f10x_md.s...
compiling system_stm32f10x.c...
compiling Retarget.c...
compiling stm32f10x_it.c...
compiling Blinky.c...
compiling stm32f10x_exti.c...
compiling stm32f10x_gpio.c...
compiling stm32f10x_rcc.c...
compiling stm32f10x_tim.c...
compiling misc.c...
compiling swt.c...
compiling Controller.c...
Controller.c(70): error:  #268: declaration may not appear after executable statement in block
compiling RTX_Config.c...
compiling RTX_Tasks.c...
Target not created
Rebuild target 'STM32F103 Simulator'
assembling startup_stm32f10x_md.s...
compiling system_stm32f10x.c...
compiling Retarget.c...
compiling stm32f10x_it.c...
compiling Blinky.c...
compiling stm32f10x_exti.c...
compiling stm32f10x_gpio.c...
compiling stm32f10x_rcc.c...
compiling stm32f10x_tim.c...
compiling misc.c...
compiling swt.c...
compiling Controller.c...
compiling RTX_Config.c...
compiling RTX_Tasks.c...
linking...
Program Size: Code=10768 RO-data=308 RW-data=156 ZI-data=4012  
".\Obj\Blinky.axf" - 0 Error(s), 0 Warning(s).
Rebuild target 'STM32F103 Simulator'
assembling startup_stm32f10x_md.s...
compiling system_stm32f10x.c...
compiling Retarget.c...
compiling stm32f10x_it.c...
compiling Blinky.c...
compiling stm32f10x_exti.c...
compiling stm32f10x_gpio.c...
compiling stm32f10x_rcc.c...
compiling stm32f10x_tim.c...
compiling misc.c...
compiling swt.c...
compiling Controller.c...
compiling RTX_Config.c...
compiling RTX_Tasks.c...
linking...
Program Size: Code=10768 RO-data=308 RW-data=156 ZI-data=4012  
".\Obj\Blinky.axf" - 0 Error(s), 0 Warning(s).
Rebuild target 'STM32F103 Simulator'
assembling startup_stm32f10x_md.s...
compiling system_stm32f10x.c...
compiling Retarget.c...
compiling stm32f10x_it.c...
compiling Blinky.c...
compiling stm32f10x_exti.c...
compiling stm32f10x_gpio.c...
compiling stm32f10x_rcc.c...
compiling stm32f10x_tim.c...
compiling misc.c...
compiling swt.c...
compiling Controller.c...
Controller.c(72): error:  #20: identifier "time_init" is undefined
Controller.c(74): error:  #20: identifier "time" is undefined
compiling RTX_Config.c...
compiling RTX_Tasks.c...
Target not created
Rebuild target 'STM32F103 Simulator'
assembling startup_stm32f10x_md.s...
compiling system_stm32f10x.c...
compiling Retarget.c...
compiling stm32f10x_it.c...
compiling Blinky.c...
compiling stm32f10x_exti.c...
compiling stm32f10x_gpio.c...
compiling stm32f10x_rcc.c...
compiling stm32f10x_tim.c...
compiling misc.c...
compiling swt.c...
compiling Controller.c...
Controller.c(71): error:  #268: declaration may not appear after executable statement in block
compiling RTX_Config.c...
compiling RTX_Tasks.c...
Target not created
Rebuild target 'STM32F103 Simulator'
assembling startup_stm32f10x_md.s...
compiling system_stm32f10x.c...
compiling Retarget.c...
compiling stm32f10x_it.c...
compiling Blinky.c...
compiling stm32f10x_exti.c...
compiling stm32f10x_gpio.c...
compiling stm32f10x_rcc.c...
compiling stm32f10x_tim.c...
compiling misc.c...
compiling swt.c...
compiling Controller.c...
compiling RTX_Config.c...
compiling RTX_Tasks.c...
linking...
Program Size: Code=10820 RO-data=308 RW-data=160 ZI-data=4008  
".\Obj\Blinky.axf" - 0 Error(s), 0 Warning(s).
Rebuild target 'STM32F103 Simulator'
assembling startup_stm32f10x_md.s...
compiling system_stm32f10x.c...
compiling Retarget.c...
compiling stm32f10x_it.c...
compiling Blinky.c...
compiling stm32f10x_exti.c...
compiling stm32f10x_gpio.c...
compiling stm32f10x_rcc.c...
compiling stm32f10x_tim.c...
compiling misc.c...
compiling swt.c...
compiling Controller.c...
compiling RTX_Config.c...
compiling RTX_Tasks.c...
linking...
Program Size: Code=10800 RO-data=308 RW-data=160 ZI-data=4008  
".\Obj\Blinky.axf" - 0 Error(s), 0 Warning(s).
Rebuild target 'STM32F103 Simulator'
assembling startup_stm32f10x_md.s...
compiling system_stm32f10x.c...
compiling Retarget.c...
compiling stm32f10x_it.c...
compiling Blinky.c...
compiling stm32f10x_exti.c...
compiling stm32f10x_gpio.c...
compiling stm32f10x_rcc.c...
compiling stm32f10x_tim.c...
compiling misc.c...
compiling swt.c...
compiling Controller.c...
compiling RTX_Config.c...
compiling RTX_Tasks.c...
linking...
Program Size: Code=10788 RO-data=308 RW-data=160 ZI-data=4008  
".\Obj\Blinky.axf" - 0 Error(s), 0 Warning(s).
Rebuild target 'STM32F103 Simulator'
assembling startup_stm32f10x_md.s...
compiling system_stm32f10x.c...
compiling Retarget.c...
compiling stm32f10x_it.c...
stm32f10x_it.c(24): warning:  #223-D: function "tur_On_Led" declared implicitly
compiling Blinky.c...
compiling stm32f10x_exti.c...
compiling stm32f10x_gpio.c...
compiling stm32f10x_rcc.c...
compiling stm32f10x_tim.c...
compiling misc.c...
compiling swt.c...
compiling Controller.c...
compiling RTX_Config.c...
compiling RTX_Tasks.c...
linking...
.\Obj\Blinky.axf: Error: L6218E: Undefined symbol tur_On_Led (referred from stm32f10x_it.o).
Target not created
Rebuild target 'STM32F103 Simulator'
assembling startup_stm32f10x_md.s...
compiling system_stm32f10x.c...
compiling Retarget.c...
compiling stm32f10x_it.c...
compiling Blinky.c...
compiling stm32f10x_exti.c...
compiling stm32f10x_gpio.c...
compiling stm32f10x_rcc.c...
compiling stm32f10x_tim.c...
compiling misc.c...
compiling swt.c...
compiling Controller.c...
compiling RTX_Config.c...
compiling RTX_Tasks.c...
linking...
Program Size: Code=10936 RO-data=308 RW-data=160 ZI-data=4008  
".\Obj\Blinky.axf" - 0 Error(s), 0 Warning(s).
Rebuild target 'STM32F103 Simulator'
assembling startup_stm32f10x_md.s...
compiling system_stm32f10x.c...
compiling Retarget.c...
compiling stm32f10x_it.c...
compiling Blinky.c...
compiling stm32f10x_exti.c...
compiling stm32f10x_gpio.c...
compiling stm32f10x_rcc.c...
compiling stm32f10x_tim.c...
compiling misc.c...
compiling swt.c...
compiling Controller.c...
compiling RTX_Config.c...
compiling RTX_Tasks.c...
linking...
Program Size: Code=10936 RO-data=308 RW-data=160 ZI-data=4008  
".\Obj\Blinky.axf" - 0 Error(s), 0 Warning(s).
Rebuild target 'STM32F103 Simulator'
assembling startup_stm32f10x_md.s...
compiling system_stm32f10x.c...
compiling Retarget.c...
compiling stm32f10x_it.c...
compiling Blinky.c...
compiling stm32f10x_exti.c...
compiling stm32f10x_gpio.c...
compiling stm32f10x_rcc.c...
compiling stm32f10x_tim.c...
compiling misc.c...
compiling swt.c...
compiling Controller.c...
compiling RTX_Config.c...
compiling RTX_Tasks.c...
linking...
Program Size: Code=10936 RO-data=308 RW-data=160 ZI-data=4008  
".\Obj\Blinky.axf" - 0 Error(s), 0 Warning(s).
Rebuild target 'STM32F103 Simulator'
assembling startup_stm32f10x_md.s...
compiling system_stm32f10x.c...
compiling Retarget.c...
compiling stm32f10x_it.c...
compiling Blinky.c...
compiling stm32f10x_exti.c...
compiling stm32f10x_gpio.c...
compiling stm32f10x_rcc.c...
compiling stm32f10x_tim.c...
compiling misc.c...
compiling swt.c...
compiling Controller.c...
compiling RTX_Config.c...
compiling RTX_Tasks.c...
linking...
Program Size: Code=10948 RO-data=308 RW-data=160 ZI-data=4008  
".\Obj\Blinky.axf" - 0 Error(s), 0 Warning(s).
Rebuild target 'STM32F103 Simulator'
assembling startup_stm32f10x_md.s...
compiling system_stm32f10x.c...
compiling Retarget.c...
compiling stm32f10x_it.c...
compiling Blinky.c...
compiling stm32f10x_exti.c...
compiling stm32f10x_gpio.c...
compiling stm32f10x_rcc.c...
compiling stm32f10x_tim.c...
compiling misc.c...
compiling swt.c...
compiling Controller.c...
compiling RTX_Config.c...
compiling RTX_Tasks.c...
linking...
Program Size: Code=10948 RO-data=308 RW-data=160 ZI-data=4008  
".\Obj\Blinky.axf" - 0 Error(s), 0 Warning(s).
Rebuild target 'STM32F103 Simulator'
assembling startup_stm32f10x_md.s...
compiling system_stm32f10x.c...
compiling Retarget.c...
compiling stm32f10x_it.c...
compiling Blinky.c...
Blinky.c(170): warning:  #69-D: integer conversion resulted in truncation
compiling stm32f10x_exti.c...
compiling stm32f10x_gpio.c...
compiling stm32f10x_rcc.c...
compiling stm32f10x_tim.c...
compiling misc.c...
compiling swt.c...
compiling Controller.c...
compiling RTX_Config.c...
compiling RTX_Tasks.c...
linking...
Program Size: Code=10948 RO-data=308 RW-data=160 ZI-data=4008  
".\Obj\Blinky.axf" - 0 Error(s), 1 Warning(s).
Rebuild target 'STM32F103 Simulator'
assembling startup_stm32f10x_md.s...
compiling system_stm32f10x.c...
compiling Retarget.c...
compiling stm32f10x_it.c...
compiling Blinky.c...
compiling stm32f10x_exti.c...
compiling stm32f10x_gpio.c...
compiling stm32f10x_rcc.c...
compiling stm32f10x_tim.c...
compiling misc.c...
compiling swt.c...
compiling Controller.c...
compiling RTX_Config.c...
compiling RTX_Tasks.c...
linking...
Program Size: Code=10948 RO-data=308 RW-data=160 ZI-data=4008  
".\Obj\Blinky.axf" - 0 Error(s), 0 Warning(s).
Rebuild target 'STM32F103 Simulator'
assembling startup_stm32f10x_md.s...
compiling system_stm32f10x.c...
compiling Retarget.c...
compiling stm32f10x_it.c...
compiling Blinky.c...
compiling stm32f10x_exti.c...
compiling stm32f10x_gpio.c...
compiling stm32f10x_rcc.c...
compiling stm32f10x_tim.c...
compiling misc.c...
compiling swt.c...
compiling Controller.c...
compiling RTX_Config.c...
compiling RTX_Tasks.c...
linking...
Program Size: Code=10752 RO-data=308 RW-data=160 ZI-data=4008  
".\Obj\Blinky.axf" - 0 Error(s), 0 Warning(s).
Rebuild target 'STM32F103 Simulator'
assembling startup_stm32f10x_md.s...
compiling system_stm32f10x.c...
compiling Retarget.c...
compiling stm32f10x_it.c...
compiling Blinky.c...
compiling stm32f10x_exti.c...
compiling stm32f10x_gpio.c...
compiling stm32f10x_rcc.c...
compiling stm32f10x_tim.c...
compiling misc.c...
compiling swt.c...
compiling Controller.c...
Controller.c(100): error: At end of source:  #40: expected an identifier
Controller.c(100): error: At end of source:  #65: expected a ";"
compiling RTX_Config.c...
compiling RTX_Tasks.c...
Target not created
Rebuild target 'STM32F103 Simulator'
assembling startup_stm32f10x_md.s...
compiling system_stm32f10x.c...
compiling Retarget.c...
compiling stm32f10x_it.c...
compiling Blinky.c...
compiling stm32f10x_exti.c...
compiling stm32f10x_gpio.c...
compiling stm32f10x_rcc.c...
compiling stm32f10x_tim.c...
compiling misc.c...
compiling swt.c...
compiling Controller.c...
Controller.c(100): error: At end of source:  #40: expected an identifier
Controller.c(100): error: At end of source:  #65: expected a ";"
compiling RTX_Config.c...
compiling RTX_Tasks.c...
Target not created
Rebuild target 'STM32F103 Simulator'
assembling startup_stm32f10x_md.s...
compiling system_stm32f10x.c...
compiling Retarget.c...
compiling stm32f10x_it.c...
compiling Blinky.c...
compiling stm32f10x_exti.c...
compiling stm32f10x_gpio.c...
compiling stm32f10x_rcc.c...
compiling stm32f10x_tim.c...
compiling misc.c...
compiling swt.c...
compiling Controller.c...
compiling RTX_Config.c...
compiling RTX_Tasks.c...
linking...
Program Size: Code=10792 RO-data=308 RW-data=160 ZI-data=4008  
".\Obj\Blinky.axf" - 0 Error(s), 0 Warning(s).
Rebuild target 'STM32F103 Simulator'
assembling startup_stm32f10x_md.s...
compiling system_stm32f10x.c...
compiling Retarget.c...
compiling stm32f10x_it.c...
compiling Blinky.c...
compiling stm32f10x_exti.c...
compiling stm32f10x_gpio.c...
compiling stm32f10x_rcc.c...
compiling stm32f10x_tim.c...
compiling misc.c...
compiling swt.c...
compiling Controller.c...
compiling RTX_Config.c...
compiling RTX_Tasks.c...
linking...
Program Size: Code=10828 RO-data=308 RW-data=160 ZI-data=4008  
".\Obj\Blinky.axf" - 0 Error(s), 0 Warning(s).
Rebuild target 'STM32F103 Simulator'
assembling startup_stm32f10x_md.s...
compiling system_stm32f10x.c...
compiling Retarget.c...
compiling stm32f10x_it.c...
compiling Blinky.c...
compiling stm32f10x_exti.c...
compiling stm32f10x_gpio.c...
compiling stm32f10x_rcc.c...
compiling stm32f10x_tim.c...
compiling misc.c...
compiling swt.c...
compiling Controller.c...
compiling RTX_Config.c...
compiling RTX_Tasks.c...
linking...
Program Size: Code=10832 RO-data=308 RW-data=160 ZI-data=4008  
".\Obj\Blinky.axf" - 0 Error(s), 0 Warning(s).
Rebuild target 'STM32F103 Simulator'
assembling startup_stm32f10x_md.s...
compiling system_stm32f10x.c...
compiling Retarget.c...
compiling stm32f10x_it.c...
compiling Blinky.c...
compiling stm32f10x_exti.c...
compiling stm32f10x_gpio.c...
compiling stm32f10x_rcc.c...
compiling stm32f10x_tim.c...
compiling misc.c...
compiling swt.c...
compiling Controller.c...
Controller.c(91): warning:  #223-D: function "isr_evt_set" declared implicitly
Controller.c(91): error:  #20: identifier "stop_Signal_Task_ID" is undefined
compiling RTX_Config.c...
compiling RTX_Tasks.c...
Target not created
Rebuild target 'STM32F103 Simulator'
assembling startup_stm32f10x_md.s...
compiling system_stm32f10x.c...
compiling Retarget.c...
compiling stm32f10x_it.c...
compiling Blinky.c...
compiling stm32f10x_exti.c...
compiling stm32f10x_gpio.c...
compiling stm32f10x_rcc.c...
compiling stm32f10x_tim.c...
compiling misc.c...
compiling swt.c...
compiling Controller.c...
Controller.c(28): warning:  #260-D: explicit type is missing ("int" assumed)
compiling RTX_Config.c...
compiling RTX_Tasks.c...
linking...
Program Size: Code=10880 RO-data=308 RW-data=160 ZI-data=4008  
".\Obj\Blinky.axf" - 0 Error(s), 1 Warning(s).
Rebuild target 'STM32F103 Simulator'
assembling startup_stm32f10x_md.s...
compiling system_stm32f10x.c...
compiling Retarget.c...
compiling stm32f10x_it.c...
compiling Blinky.c...
compiling stm32f10x_exti.c...
compiling stm32f10x_gpio.c...
compiling stm32f10x_rcc.c...
compiling stm32f10x_tim.c...
compiling misc.c...
compiling swt.c...
compiling Controller.c...
Controller.c(6): error:  #5: cannot open source input file "RTX.h": No such file or directory
compiling RTX_Config.c...
compiling RTX_Tasks.c...
Target not created
Rebuild target 'STM32F103 Simulator'
assembling startup_stm32f10x_md.s...
compiling system_stm32f10x.c...
compiling Retarget.c...
compiling stm32f10x_it.c...
compiling Blinky.c...
compiling stm32f10x_exti.c...
compiling stm32f10x_gpio.c...
compiling stm32f10x_rcc.c...
compiling stm32f10x_tim.c...
compiling misc.c...
compiling swt.c...
compiling Controller.c...
compiling RTX_Config.c...
compiling RTX_Tasks.c...
linking...
Program Size: Code=10880 RO-data=308 RW-data=160 ZI-data=4008  
".\Obj\Blinky.axf" - 0 Error(s), 0 Warning(s).
